MPLINK 5.08, LINKER
Linker Map File - Created Thu Aug 23 03:42:12 2018

                                 Section Info
                  Section       Type    Address   Location Size(Bytes)
                ---------  ---------  ---------  ---------  ---------
                   .org_0       code   0x000000    program   0x000000
                   .org_1       code   0x000000    program   0x000002
                   .org_2       code   0x000004    program   0x0000b0
.config_2007_/HOME/SUANNYFABYNE/DOCUMENTOS/P6       code   0x002007    program   0x000002



                              Program Memory Usage 
                               Start         End      
                           ---------   ---------      
                            0x000000    0x000000      
                            0x000004    0x00005b      
                            0x002007    0x002007      
            90 out of 1158 program addresses used, program memory utilization is 7%



                              Symbols - Sorted by Name
                     Name    Address   Location    Storage File                     
                ---------  ---------  ---------  --------- ---------                
                 CONTADOR   0x000027    program     static /home/suannyfabyne/Documentos/P6/Microcontroladores/MPLab_Projects/piscapisca.X/Vazio.ASM
               DELAYPISCA   0x00001f    program     static /home/suannyfabyne/Documentos/P6/Microcontroladores/MPLab_Projects/piscapisca.X/Vazio.ASM
                   INICIO   0x00002d    program     static /home/suannyfabyne/Documentos/P6/Microcontroladores/MPLab_Projects/piscapisca.X/Vazio.ASM
                     MAIN   0x00003e    program     static /home/suannyfabyne/Documentos/P6/Microcontroladores/MPLab_Projects/piscapisca.X/Vazio.ASM
              PISCAALERTA   0x000010    program     static /home/suannyfabyne/Documentos/P6/Microcontroladores/MPLab_Projects/piscapisca.X/Vazio.ASM
          PISCAALERTAMAIN   0x000045    program     static /home/suannyfabyne/Documentos/P6/Microcontroladores/MPLab_Projects/piscapisca.X/Vazio.ASM
                 PISCAGP4   0x000013    program     static /home/suannyfabyne/Documentos/P6/Microcontroladores/MPLab_Projects/piscapisca.X/Vazio.ASM
             PISCAGP4MAIN   0x00004e    program     static /home/suannyfabyne/Documentos/P6/Microcontroladores/MPLab_Projects/piscapisca.X/Vazio.ASM
                 PISCAGP5   0x000016    program     static /home/suannyfabyne/Documentos/P6/Microcontroladores/MPLab_Projects/piscapisca.X/Vazio.ASM
             PISCAGP5MAIN   0x000055    program     static /home/suannyfabyne/Documentos/P6/Microcontroladores/MPLab_Projects/piscapisca.X/Vazio.ASM
                  SAI_INT   0x000019    program     static /home/suannyfabyne/Documentos/P6/Microcontroladores/MPLab_Projects/piscapisca.X/Vazio.ASM
                    TIMER   0x000024    program     static /home/suannyfabyne/Documentos/P6/Microcontroladores/MPLab_Projects/piscapisca.X/Vazio.ASM



                              Symbols - Sorted by Address
                     Name    Address   Location    Storage File                     
                ---------  ---------  ---------  --------- ---------                
              PISCAALERTA   0x000010    program     static /home/suannyfabyne/Documentos/P6/Microcontroladores/MPLab_Projects/piscapisca.X/Vazio.ASM
                 PISCAGP4   0x000013    program     static /home/suannyfabyne/Documentos/P6/Microcontroladores/MPLab_Projects/piscapisca.X/Vazio.ASM
                 PISCAGP5   0x000016    program     static /home/suannyfabyne/Documentos/P6/Microcontroladores/MPLab_Projects/piscapisca.X/Vazio.ASM
                  SAI_INT   0x000019    program     static /home/suannyfabyne/Documentos/P6/Microcontroladores/MPLab_Projects/piscapisca.X/Vazio.ASM
               DELAYPISCA   0x00001f    program     static /home/suannyfabyne/Documentos/P6/Microcontroladores/MPLab_Projects/piscapisca.X/Vazio.ASM
                    TIMER   0x000024    program     static /home/suannyfabyne/Documentos/P6/Microcontroladores/MPLab_Projects/piscapisca.X/Vazio.ASM
                 CONTADOR   0x000027    program     static /home/suannyfabyne/Documentos/P6/Microcontroladores/MPLab_Projects/piscapisca.X/Vazio.ASM
                   INICIO   0x00002d    program     static /home/suannyfabyne/Documentos/P6/Microcontroladores/MPLab_Projects/piscapisca.X/Vazio.ASM
                     MAIN   0x00003e    program     static /home/suannyfabyne/Documentos/P6/Microcontroladores/MPLab_Projects/piscapisca.X/Vazio.ASM
          PISCAALERTAMAIN   0x000045    program     static /home/suannyfabyne/Documentos/P6/Microcontroladores/MPLab_Projects/piscapisca.X/Vazio.ASM
             PISCAGP4MAIN   0x00004e    program     static /home/suannyfabyne/Documentos/P6/Microcontroladores/MPLab_Projects/piscapisca.X/Vazio.ASM
             PISCAGP5MAIN   0x000055    program     static /home/suannyfabyne/Documentos/P6/Microcontroladores/MPLab_Projects/piscapisca.X/Vazio.ASM


